// Jest Snapshot v1, https://goo.gl/fbAQLP

exports[`Button[Base] should render correctly  1`] = `
<div
  style="display: flex; gap: 24px; flex-wrap: wrap;"
>
  <button
    class="button-primary-0-2-5 button-button-0-2-1"
    style="margin: 0px;"
  >
    <span>
      Primary
    </span>
  </button>
  <button
    class="button-secondary-0-2-6 button-button-0-2-1"
    style="margin: 0px;"
  >
    <span>
      Secondary
    </span>
  </button>
  <button
    class="button-secondary-0-2-6 button-button-0-2-1 button-outline-0-2-11"
    style="margin: 0px;"
  >
    <span>
      Outline
    </span>
  </button>
  <button
    class="button-secondary-0-2-6 button-button-0-2-1 button-dashed-0-2-12"
    style="margin: 0px;"
  >
    <span>
      Dashed
    </span>
  </button>
  <button
    class="button-primary-0-2-5 button-button-0-2-1 button-text-0-2-13"
    style="margin: 0px;"
  >
    <span>
      Text
    </span>
  </button>
</div>
`;

exports[`Button[Base] should render correctly 1`] = `
<div
  style="display: flex; gap: 24px; flex-wrap: wrap;"
>
  <button
    class="button-primary-0-2-5 button-button-0-2-1"
    style="margin: 0px;"
  >
    <span>
      Primary
    </span>
  </button>
  <button
    class="button-secondary-0-2-6 button-button-0-2-1"
    style="margin: 0px;"
  >
    <span>
      Secondary
    </span>
  </button>
  <button
    class="button-secondary-0-2-6 button-button-0-2-1 button-outline-0-2-11"
    style="margin: 0px;"
  >
    <span>
      Outline
    </span>
  </button>
  <button
    class="button-secondary-0-2-6 button-button-0-2-1 button-dashed-0-2-12"
    style="margin: 0px;"
  >
    <span>
      Dashed
    </span>
  </button>
  <button
    class="button-primary-0-2-5 button-button-0-2-1 button-text-0-2-13"
    style="margin: 0px;"
  >
    <span>
      Text
    </span>
  </button>
</div>
`;

exports[`Button[Base] should render correctly about disbled 1`] = `
<div
  style="gap: 24px; display: flex; flex-wrap: wrap; flex-direction: column;"
>
  <div
    style="gap: 24px; display: flex; flex-wrap: wrap; align-items: center;"
  >
    <button
      class="button-primary-0-2-5 button-button-0-2-1 button-disabled-0-2-18"
      disabled=""
      style="margin: 0px; width: 72px;"
    >
      <span>
        Primary
      </span>
    </button>
    <button
      class="button-primary-0-2-5 button-button-0-2-1 button-disabled-0-2-18 button-outline-0-2-11"
      disabled=""
      style="margin: 0px; width: 72px;"
    >
      <span>
        Primary
      </span>
    </button>
    <button
      class="button-primary-0-2-5 button-button-0-2-1 button-disabled-0-2-18 button-dashed-0-2-12"
      disabled=""
      style="margin: 0px; width: 72px;"
    >
      <span>
        Primary
      </span>
    </button>
    <button
      class="button-primary-0-2-5 button-button-0-2-1 button-disabled-0-2-18 button-text-0-2-13"
      disabled=""
      style="margin: 0px; width: 72px;"
    >
      <span>
        Primary
      </span>
    </button>
  </div>
  <div
    style="gap: 24px; display: flex; flex-wrap: wrap; align-items: center;"
  >
    <button
      class="button-danger-0-2-7 button-button-0-2-1 button-disabled-0-2-18"
      disabled=""
      style="margin: 0px; width: 72px;"
    >
      <span>
        Danger
      </span>
    </button>
    <button
      class="button-danger-0-2-7 button-button-0-2-1 button-disabled-0-2-18 button-outline-0-2-11"
      disabled=""
      style="margin: 0px; width: 72px;"
    >
      <span>
        Danger
      </span>
    </button>
    <button
      class="button-danger-0-2-7 button-button-0-2-1 button-disabled-0-2-18 button-dashed-0-2-12"
      disabled=""
      style="margin: 0px; width: 72px;"
    >
      <span>
        Danger
      </span>
    </button>
    <button
      class="button-danger-0-2-7 button-button-0-2-1 button-disabled-0-2-18 button-text-0-2-13"
      disabled=""
      style="margin: 0px; width: 72px;"
    >
      <span>
        Danger
      </span>
    </button>
  </div>
  <div
    style="gap: 24px; display: flex; flex-wrap: wrap; align-items: center;"
  >
    <button
      class="button-warning-0-2-8 button-button-0-2-1 button-disabled-0-2-18"
      disabled=""
      style="margin: 0px; width: 72px;"
    >
      <span>
        Warning
      </span>
    </button>
    <button
      class="button-warning-0-2-8 button-button-0-2-1 button-disabled-0-2-18 button-outline-0-2-11"
      disabled=""
      style="margin: 0px; width: 72px;"
    >
      <span>
        Warning
      </span>
    </button>
    <button
      class="button-warning-0-2-8 button-button-0-2-1 button-disabled-0-2-18 button-dashed-0-2-12"
      disabled=""
      style="margin: 0px; width: 72px;"
    >
      <span>
        Warning
      </span>
    </button>
    <button
      class="button-warning-0-2-8 button-button-0-2-1 button-disabled-0-2-18 button-text-0-2-13"
      disabled=""
      style="margin: 0px; width: 72px;"
    >
      <span>
        Warning
      </span>
    </button>
  </div>
  <div
    style="gap: 24px; display: flex; flex-wrap: wrap; align-items: center;"
  >
    <button
      class="button-success-0-2-9 button-button-0-2-1 button-disabled-0-2-18"
      disabled=""
      style="margin: 0px; width: 72px;"
    >
      <span>
        Success
      </span>
    </button>
    <button
      class="button-success-0-2-9 button-button-0-2-1 button-disabled-0-2-18 button-outline-0-2-11"
      disabled=""
      style="margin: 0px; width: 72px;"
    >
      <span>
        Success
      </span>
    </button>
    <button
      class="button-success-0-2-9 button-button-0-2-1 button-disabled-0-2-18 button-dashed-0-2-12"
      disabled=""
      style="margin: 0px; width: 72px;"
    >
      <span>
        Success
      </span>
    </button>
    <button
      class="button-success-0-2-9 button-button-0-2-1 button-disabled-0-2-18 button-text-0-2-13"
      disabled=""
      style="margin: 0px; width: 72px;"
    >
      <span>
        Success
      </span>
    </button>
  </div>
</div>
`;

exports[`Button[Base] should render correctly about group 1`] = `
<div
  style="display: flex; gap: 24px; flex-wrap: wrap; flex-direction: column;"
>
  <div
    class="button-group-0-2-21"
  >
    <button
      class="button-primary-0-2-5 button-button-0-2-1 button-outline-0-2-11"
    >
      <span>
        Publish
      </span>
    </button>
    <button
      class="button-secondary-0-2-6 button-button-0-2-1 button-outline-0-2-11"
    >
      <span>
        Publish
      </span>
    </button>
    <button
      class="button-secondary-0-2-6 button-button-0-2-1 button-outline-0-2-11"
    >
      <span>
        Publish
      </span>
    </button>
    <button
      class="button-secondary-0-2-6 button-button-0-2-1 button-disabled-0-2-18 button-outline-0-2-11"
      disabled=""
    >
      <span>
        Publish
      </span>
    </button>
  </div>
  <div
    class="button-group-0-2-21"
  >
    <button
      class="button-primary-0-2-5 button-button-0-2-1"
    >
      <span>
        Publish
      </span>
    </button>
    <button
      class="button-secondary-0-2-6 button-button-0-2-1"
    >
      <span>
        Publish
      </span>
    </button>
    <button
      class="button-secondary-0-2-6 button-button-0-2-1"
    >
      <span>
        Publish
      </span>
    </button>
    <button
      class="button-secondary-0-2-6 button-button-0-2-1"
    >
      <span>
        Publish
      </span>
    </button>
  </div>
  <div
    class="button-group-0-2-21"
  >
    <button
      class="button-secondary-0-2-6 button-button-0-2-1 button-outline-0-2-11"
    >
      <span>
        Publish
      </span>
    </button>
    <button
      class="button-secondary-0-2-6 button-button-0-2-1 button-outline-0-2-11"
    >
      <span>
        Publish
      </span>
    </button>
    <button
      class="button-secondary-0-2-6 button-button-0-2-1 button-outline-0-2-11"
    >
      <span>
        Publish
      </span>
    </button>
    <button
      class="button-secondary-0-2-6 button-button-0-2-1 button-outline-0-2-11"
    >
      <span>
        Publish
      </span>
    </button>
  </div>
  <div>
    <button
      class="button-primary-0-2-5 button-button-0-2-1"
    >
      <span>
        Primary
      </span>
    </button>
    <button
      class="button-secondary-0-2-6 button-button-0-2-1"
    >
      <span>
        Secondary
      </span>
    </button>
    <button
      class="button-secondary-0-2-6 button-button-0-2-1"
    >
      <span>
        Secondary
      </span>
    </button>
    <button
      class="button-secondary-0-2-6 button-button-0-2-1"
    >
      <span>
        Secondary
      </span>
    </button>
  </div>
  <div
    style="display: flex; gap: 24px;"
  >
    <div
      class="button-group-0-2-21"
    >
      <button
        class="button-primary-0-2-5 button-button-0-2-1"
      >
        <span>
          Publish
        </span>
      </button>
      <button
        class="button-primary-0-2-5 button-button-0-2-1"
      >
        <span
          style="display: inline-flex; line-height: 22px;"
        >
          <svg
            fill="none"
            height="14"
            viewBox="0 0 24 24"
            width="14"
            xmlns="http://www.w3.org/2000/svg"
          >
            <path
              d="M11.2929 15.7071C11.6534 16.0676 12.2206 16.0953 12.6129 15.7903L12.7071 15.7071L18.7071 9.70711C19.0976 9.31658 19.0976 8.68342 18.7071 8.29289C18.3466 7.93241 17.7794 7.90468 17.3871 8.2097L17.2929 8.29289L12.7072 12.8779C12.3165 13.2683 11.6835 13.2683 11.2928 12.8779L6.70711 8.29289C6.34662 7.93241 5.77939 7.90468 5.3871 8.2097L5.29289 8.29289C4.93241 8.65338 4.90468 9.22061 5.2097 9.6129L5.29289 9.70711L11.2929 15.7071Z"
              fill="#ffffff"
            />
          </svg>
        </span>
      </button>
    </div>
    <div
      class="button-group-0-2-21"
    >
      <button
        class="button-secondary-0-2-6 button-button-0-2-1"
      >
        <span>
          Publish
        </span>
      </button>
      <button
        class="button-secondary-0-2-6 button-button-0-2-1"
      >
        <span
          style="display: inline-flex; line-height: 22px;"
        >
          <svg
            fill="none"
            height="14"
            viewBox="0 0 24 24"
            width="14"
            xmlns="http://www.w3.org/2000/svg"
          >
            <path
              d="M5 10C6.10457 10 7 10.8954 7 12C7 13.1046 6.10457 14 5 14C3.89543 14 3 13.1046 3 12C3 10.8954 3.89543 10 5 10ZM12 10C13.1046 10 14 10.8954 14 12C14 13.1046 13.1046 14 12 14C10.8954 14 10 13.1046 10 12C10 10.8954 10.8954 10 12 10ZM19 10C20.1046 10 21 10.8954 21 12C21 13.1046 20.1046 14 19 14C17.8954 14 17 13.1046 17 12C17 10.8954 17.8954 10 19 10Z"
              fill="#666C7C"
            />
          </svg>
        </span>
      </button>
    </div>
  </div>
</div>
`;

exports[`Button[Base] should render correctly about icon 1`] = `
<div
  style="display: flex; gap: 24px; flex-wrap: wrap;"
>
  <button
    class="button-primary-0-2-5 button-button-0-2-1 button-square-0-2-17"
    style="margin: 0px;"
  >
    <span
      style="display: flex; align-items: center; justify-content: center; gap: 4px;"
    >
      <svg
        fill="none"
        height="14"
        viewBox="0 0 24 24"
        width="14"
        xmlns="http://www.w3.org/2000/svg"
      >
        <path
          d="M14.1277 12.6744L14.706 12.6805L15.2223 12.6925L15.6829 12.7117L15.7902 12.7177L15.8944 12.7243L16.2838 12.7567C17.0824 12.8374 17.6032 12.9908 18.1427 13.2738C19.0608 13.7553 19.815 14.496 20.3182 15.4004L20.4388 15.6299L20.5331 15.8296L20.5549 15.8791L20.5761 15.9285L20.6541 16.1276L20.672 16.178L20.6893 16.2289L20.7525 16.4381L20.8067 16.6601L20.8189 16.7182L20.8306 16.7775L20.8725 17.0278L20.907 17.303L20.9349 17.608L20.9568 17.9475L20.9733 18.3264L20.9897 18.9792L20.9991 20.0326L21 21.3025C21 21.818 20.587 22.2423 20.0565 22.2966L19.9412 22.3025H4.05882C3.51294 22.3025 3.06369 21.9123 3.00621 21.4112L3 21.3022L3.00035 20.0105L3.00336 19.4085L3.01669 18.6212L3.03295 18.165L3.0563 17.7569L3.08778 17.3908L3.09704 17.3052L3.10689 17.2217L3.15247 16.9077L3.19362 16.6905L3.24121 16.4862L3.31544 16.2295C3.38268 16.0216 3.46373 15.8269 3.56125 15.6298C4.06047 14.6212 4.86271 13.7954 5.85729 13.2737C6.33682 13.0222 6.80166 12.8731 7.45989 12.7864L7.7162 12.7567L8.10556 12.7243L8.20982 12.7177L8.31705 12.7117L8.77771 12.6925L9.29398 12.6805L9.87234 12.6744H14.1277ZM14.0877 14.6742H9.91425L9.78201 14.6751L9.65386 14.6762L8.96581 14.6883L8.57784 14.7024L8.24002 14.722L7.94682 14.7476C7.85591 14.7572 7.77152 14.7679 7.69273 14.7798L7.57862 14.7986L7.37286 14.8418C7.18067 14.889 7.02646 14.9482 6.88541 15.0222C6.35273 15.3016 5.90352 15.7341 5.59052 16.2708L5.47964 16.4768L5.44372 16.5528L5.37878 16.7131L5.32258 16.8887L5.30983 16.9356L5.29759 16.9839L5.25346 17.1921L5.21667 17.4286L5.20855 17.4928L5.20085 17.5591L5.17404 17.8477L5.15316 18.1776L5.13768 18.5538L5.12703 18.9815L5.12066 19.466L5.11765 20.3018H18.8813L18.8762 19.3237L18.8646 18.6863L18.8453 18.1584L18.8275 17.8595L18.8051 17.5977L18.7778 17.3681L18.745 17.1661L18.7065 16.9872L18.6616 16.8265L18.6494 16.7887L18.6367 16.7516L18.5816 16.6096L18.5204 16.4768C18.2075 15.8447 17.7139 15.3365 17.1146 15.0222C17.0088 14.9667 16.8956 14.9195 16.7646 14.8795L16.6272 14.8418L16.4215 14.7986L16.3655 14.7889L16.3074 14.7798L16.0535 14.7476L15.9841 14.7406L15.9122 14.734L15.5976 14.7115L15.2356 14.6947L14.8209 14.6832L14.0877 14.6742ZM12 1C14.7614 1 17 3.23858 17 6C17 8.76142 14.7614 11 12 11C9.23858 11 7 8.76142 7 6C7 3.23858 9.23858 1 12 1ZM12 3C10.3431 3 9 4.34315 9 6C9 7.65685 10.3431 9 12 9C13.6569 9 15 7.65685 15 6C15 4.34315 13.6569 3 12 3Z"
          fill="#ffffff"
        />
      </svg>
    </span>
  </button>
  <button
    class="button-primary-0-2-5 button-button-0-2-1"
    style="margin: 0px;"
  >
    <span
      style="display: flex; align-items: center; justify-content: center; gap: 4px;"
    >
      <svg
        fill="none"
        height="14"
        viewBox="0 0 24 24"
        width="14"
        xmlns="http://www.w3.org/2000/svg"
      >
        <path
          d="M14.1277 12.6744L14.706 12.6805L15.2223 12.6925L15.6829 12.7117L15.7902 12.7177L15.8944 12.7243L16.2838 12.7567C17.0824 12.8374 17.6032 12.9908 18.1427 13.2738C19.0608 13.7553 19.815 14.496 20.3182 15.4004L20.4388 15.6299L20.5331 15.8296L20.5549 15.8791L20.5761 15.9285L20.6541 16.1276L20.672 16.178L20.6893 16.2289L20.7525 16.4381L20.8067 16.6601L20.8189 16.7182L20.8306 16.7775L20.8725 17.0278L20.907 17.303L20.9349 17.608L20.9568 17.9475L20.9733 18.3264L20.9897 18.9792L20.9991 20.0326L21 21.3025C21 21.818 20.587 22.2423 20.0565 22.2966L19.9412 22.3025H4.05882C3.51294 22.3025 3.06369 21.9123 3.00621 21.4112L3 21.3022L3.00035 20.0105L3.00336 19.4085L3.01669 18.6212L3.03295 18.165L3.0563 17.7569L3.08778 17.3908L3.09704 17.3052L3.10689 17.2217L3.15247 16.9077L3.19362 16.6905L3.24121 16.4862L3.31544 16.2295C3.38268 16.0216 3.46373 15.8269 3.56125 15.6298C4.06047 14.6212 4.86271 13.7954 5.85729 13.2737C6.33682 13.0222 6.80166 12.8731 7.45989 12.7864L7.7162 12.7567L8.10556 12.7243L8.20982 12.7177L8.31705 12.7117L8.77771 12.6925L9.29398 12.6805L9.87234 12.6744H14.1277ZM14.0877 14.6742H9.91425L9.78201 14.6751L9.65386 14.6762L8.96581 14.6883L8.57784 14.7024L8.24002 14.722L7.94682 14.7476C7.85591 14.7572 7.77152 14.7679 7.69273 14.7798L7.57862 14.7986L7.37286 14.8418C7.18067 14.889 7.02646 14.9482 6.88541 15.0222C6.35273 15.3016 5.90352 15.7341 5.59052 16.2708L5.47964 16.4768L5.44372 16.5528L5.37878 16.7131L5.32258 16.8887L5.30983 16.9356L5.29759 16.9839L5.25346 17.1921L5.21667 17.4286L5.20855 17.4928L5.20085 17.5591L5.17404 17.8477L5.15316 18.1776L5.13768 18.5538L5.12703 18.9815L5.12066 19.466L5.11765 20.3018H18.8813L18.8762 19.3237L18.8646 18.6863L18.8453 18.1584L18.8275 17.8595L18.8051 17.5977L18.7778 17.3681L18.745 17.1661L18.7065 16.9872L18.6616 16.8265L18.6494 16.7887L18.6367 16.7516L18.5816 16.6096L18.5204 16.4768C18.2075 15.8447 17.7139 15.3365 17.1146 15.0222C17.0088 14.9667 16.8956 14.9195 16.7646 14.8795L16.6272 14.8418L16.4215 14.7986L16.3655 14.7889L16.3074 14.7798L16.0535 14.7476L15.9841 14.7406L15.9122 14.734L15.5976 14.7115L15.2356 14.6947L14.8209 14.6832L14.0877 14.6742ZM12 1C14.7614 1 17 3.23858 17 6C17 8.76142 14.7614 11 12 11C9.23858 11 7 8.76142 7 6C7 3.23858 9.23858 1 12 1ZM12 3C10.3431 3 9 4.34315 9 6C9 7.65685 10.3431 9 12 9C13.6569 9 15 7.65685 15 6C15 4.34315 13.6569 3 12 3Z"
          fill="#ffffff"
        />
      </svg>
       Primary
    </span>
  </button>
  <button
    class="button-primary-0-2-5 button-button-0-2-1"
    style="margin: 0px;"
  >
    <span
      style="display: flex; align-items: center; justify-content: center; gap: 4px;"
    >
      Primary 
      <svg
        fill="none"
        height="14"
        viewBox="0 0 24 24"
        width="14"
        xmlns="http://www.w3.org/2000/svg"
      >
        <path
          d="M14.1277 12.6744L14.706 12.6805L15.2223 12.6925L15.6829 12.7117L15.7902 12.7177L15.8944 12.7243L16.2838 12.7567C17.0824 12.8374 17.6032 12.9908 18.1427 13.2738C19.0608 13.7553 19.815 14.496 20.3182 15.4004L20.4388 15.6299L20.5331 15.8296L20.5549 15.8791L20.5761 15.9285L20.6541 16.1276L20.672 16.178L20.6893 16.2289L20.7525 16.4381L20.8067 16.6601L20.8189 16.7182L20.8306 16.7775L20.8725 17.0278L20.907 17.303L20.9349 17.608L20.9568 17.9475L20.9733 18.3264L20.9897 18.9792L20.9991 20.0326L21 21.3025C21 21.818 20.587 22.2423 20.0565 22.2966L19.9412 22.3025H4.05882C3.51294 22.3025 3.06369 21.9123 3.00621 21.4112L3 21.3022L3.00035 20.0105L3.00336 19.4085L3.01669 18.6212L3.03295 18.165L3.0563 17.7569L3.08778 17.3908L3.09704 17.3052L3.10689 17.2217L3.15247 16.9077L3.19362 16.6905L3.24121 16.4862L3.31544 16.2295C3.38268 16.0216 3.46373 15.8269 3.56125 15.6298C4.06047 14.6212 4.86271 13.7954 5.85729 13.2737C6.33682 13.0222 6.80166 12.8731 7.45989 12.7864L7.7162 12.7567L8.10556 12.7243L8.20982 12.7177L8.31705 12.7117L8.77771 12.6925L9.29398 12.6805L9.87234 12.6744H14.1277ZM14.0877 14.6742H9.91425L9.78201 14.6751L9.65386 14.6762L8.96581 14.6883L8.57784 14.7024L8.24002 14.722L7.94682 14.7476C7.85591 14.7572 7.77152 14.7679 7.69273 14.7798L7.57862 14.7986L7.37286 14.8418C7.18067 14.889 7.02646 14.9482 6.88541 15.0222C6.35273 15.3016 5.90352 15.7341 5.59052 16.2708L5.47964 16.4768L5.44372 16.5528L5.37878 16.7131L5.32258 16.8887L5.30983 16.9356L5.29759 16.9839L5.25346 17.1921L5.21667 17.4286L5.20855 17.4928L5.20085 17.5591L5.17404 17.8477L5.15316 18.1776L5.13768 18.5538L5.12703 18.9815L5.12066 19.466L5.11765 20.3018H18.8813L18.8762 19.3237L18.8646 18.6863L18.8453 18.1584L18.8275 17.8595L18.8051 17.5977L18.7778 17.3681L18.745 17.1661L18.7065 16.9872L18.6616 16.8265L18.6494 16.7887L18.6367 16.7516L18.5816 16.6096L18.5204 16.4768C18.2075 15.8447 17.7139 15.3365 17.1146 15.0222C17.0088 14.9667 16.8956 14.9195 16.7646 14.8795L16.6272 14.8418L16.4215 14.7986L16.3655 14.7889L16.3074 14.7798L16.0535 14.7476L15.9841 14.7406L15.9122 14.734L15.5976 14.7115L15.2356 14.6947L14.8209 14.6832L14.0877 14.6742ZM12 1C14.7614 1 17 3.23858 17 6C17 8.76142 14.7614 11 12 11C9.23858 11 7 8.76142 7 6C7 3.23858 9.23858 1 12 1ZM12 3C10.3431 3 9 4.34315 9 6C9 7.65685 10.3431 9 12 9C13.6569 9 15 7.65685 15 6C15 4.34315 13.6569 3 12 3Z"
          fill="#ffffff"
        />
      </svg>
    </span>
  </button>
</div>
`;

exports[`Button[Base] should render correctly about loading 1`] = `
<div
  style="display: flex; gap: 24px; flex-wrap: wrap;"
>
  <button
    class="button-primary-0-2-5 button-button-0-2-1 button-loading-0-2-19"
    style="margin: 0px;"
  >
    <span>
      Spin
    </span>
    <span>
      Primary
    </span>
  </button>
  <button
    class="button-primary-0-2-5 button-button-0-2-1 button-loading-0-2-19 button-square-0-2-17"
    style="margin: 0px;"
  >
    <span>
      Spin
    </span>
  </button>
</div>
`;

exports[`Button[Base] should render correctly about shape 1`] = `
<div
  style="display: flex; gap: 24px; flex-wrap: wrap;"
>
  <button
    class="button-primary-0-2-5 button-button-0-2-1 button-square-0-2-17"
    style="margin: 0px;"
  >
    <span
      style="display: flex; align-items: center; justify-content: center; gap: 4px;"
    >
      <svg
        fill="none"
        height="14"
        viewBox="0 0 24 24"
        width="14"
        xmlns="http://www.w3.org/2000/svg"
      >
        <path
          d="M14.1277 12.6744L14.706 12.6805L15.2223 12.6925L15.6829 12.7117L15.7902 12.7177L15.8944 12.7243L16.2838 12.7567C17.0824 12.8374 17.6032 12.9908 18.1427 13.2738C19.0608 13.7553 19.815 14.496 20.3182 15.4004L20.4388 15.6299L20.5331 15.8296L20.5549 15.8791L20.5761 15.9285L20.6541 16.1276L20.672 16.178L20.6893 16.2289L20.7525 16.4381L20.8067 16.6601L20.8189 16.7182L20.8306 16.7775L20.8725 17.0278L20.907 17.303L20.9349 17.608L20.9568 17.9475L20.9733 18.3264L20.9897 18.9792L20.9991 20.0326L21 21.3025C21 21.818 20.587 22.2423 20.0565 22.2966L19.9412 22.3025H4.05882C3.51294 22.3025 3.06369 21.9123 3.00621 21.4112L3 21.3022L3.00035 20.0105L3.00336 19.4085L3.01669 18.6212L3.03295 18.165L3.0563 17.7569L3.08778 17.3908L3.09704 17.3052L3.10689 17.2217L3.15247 16.9077L3.19362 16.6905L3.24121 16.4862L3.31544 16.2295C3.38268 16.0216 3.46373 15.8269 3.56125 15.6298C4.06047 14.6212 4.86271 13.7954 5.85729 13.2737C6.33682 13.0222 6.80166 12.8731 7.45989 12.7864L7.7162 12.7567L8.10556 12.7243L8.20982 12.7177L8.31705 12.7117L8.77771 12.6925L9.29398 12.6805L9.87234 12.6744H14.1277ZM14.0877 14.6742H9.91425L9.78201 14.6751L9.65386 14.6762L8.96581 14.6883L8.57784 14.7024L8.24002 14.722L7.94682 14.7476C7.85591 14.7572 7.77152 14.7679 7.69273 14.7798L7.57862 14.7986L7.37286 14.8418C7.18067 14.889 7.02646 14.9482 6.88541 15.0222C6.35273 15.3016 5.90352 15.7341 5.59052 16.2708L5.47964 16.4768L5.44372 16.5528L5.37878 16.7131L5.32258 16.8887L5.30983 16.9356L5.29759 16.9839L5.25346 17.1921L5.21667 17.4286L5.20855 17.4928L5.20085 17.5591L5.17404 17.8477L5.15316 18.1776L5.13768 18.5538L5.12703 18.9815L5.12066 19.466L5.11765 20.3018H18.8813L18.8762 19.3237L18.8646 18.6863L18.8453 18.1584L18.8275 17.8595L18.8051 17.5977L18.7778 17.3681L18.745 17.1661L18.7065 16.9872L18.6616 16.8265L18.6494 16.7887L18.6367 16.7516L18.5816 16.6096L18.5204 16.4768C18.2075 15.8447 17.7139 15.3365 17.1146 15.0222C17.0088 14.9667 16.8956 14.9195 16.7646 14.8795L16.6272 14.8418L16.4215 14.7986L16.3655 14.7889L16.3074 14.7798L16.0535 14.7476L15.9841 14.7406L15.9122 14.734L15.5976 14.7115L15.2356 14.6947L14.8209 14.6832L14.0877 14.6742ZM12 1C14.7614 1 17 3.23858 17 6C17 8.76142 14.7614 11 12 11C9.23858 11 7 8.76142 7 6C7 3.23858 9.23858 1 12 1ZM12 3C10.3431 3 9 4.34315 9 6C9 7.65685 10.3431 9 12 9C13.6569 9 15 7.65685 15 6C15 4.34315 13.6569 3 12 3Z"
          fill="#ffffff"
        />
      </svg>
    </span>
  </button>
  <button
    class="button-primary-0-2-5 button-button-0-2-1 button-circle-0-2-16"
    style="margin: 0px;"
  >
    <span
      style="display: flex; align-items: center; justify-content: center; gap: 4px;"
    >
      <svg
        fill="none"
        height="14"
        viewBox="0 0 24 24"
        width="14"
        xmlns="http://www.w3.org/2000/svg"
      >
        <path
          d="M14.1277 12.6744L14.706 12.6805L15.2223 12.6925L15.6829 12.7117L15.7902 12.7177L15.8944 12.7243L16.2838 12.7567C17.0824 12.8374 17.6032 12.9908 18.1427 13.2738C19.0608 13.7553 19.815 14.496 20.3182 15.4004L20.4388 15.6299L20.5331 15.8296L20.5549 15.8791L20.5761 15.9285L20.6541 16.1276L20.672 16.178L20.6893 16.2289L20.7525 16.4381L20.8067 16.6601L20.8189 16.7182L20.8306 16.7775L20.8725 17.0278L20.907 17.303L20.9349 17.608L20.9568 17.9475L20.9733 18.3264L20.9897 18.9792L20.9991 20.0326L21 21.3025C21 21.818 20.587 22.2423 20.0565 22.2966L19.9412 22.3025H4.05882C3.51294 22.3025 3.06369 21.9123 3.00621 21.4112L3 21.3022L3.00035 20.0105L3.00336 19.4085L3.01669 18.6212L3.03295 18.165L3.0563 17.7569L3.08778 17.3908L3.09704 17.3052L3.10689 17.2217L3.15247 16.9077L3.19362 16.6905L3.24121 16.4862L3.31544 16.2295C3.38268 16.0216 3.46373 15.8269 3.56125 15.6298C4.06047 14.6212 4.86271 13.7954 5.85729 13.2737C6.33682 13.0222 6.80166 12.8731 7.45989 12.7864L7.7162 12.7567L8.10556 12.7243L8.20982 12.7177L8.31705 12.7117L8.77771 12.6925L9.29398 12.6805L9.87234 12.6744H14.1277ZM14.0877 14.6742H9.91425L9.78201 14.6751L9.65386 14.6762L8.96581 14.6883L8.57784 14.7024L8.24002 14.722L7.94682 14.7476C7.85591 14.7572 7.77152 14.7679 7.69273 14.7798L7.57862 14.7986L7.37286 14.8418C7.18067 14.889 7.02646 14.9482 6.88541 15.0222C6.35273 15.3016 5.90352 15.7341 5.59052 16.2708L5.47964 16.4768L5.44372 16.5528L5.37878 16.7131L5.32258 16.8887L5.30983 16.9356L5.29759 16.9839L5.25346 17.1921L5.21667 17.4286L5.20855 17.4928L5.20085 17.5591L5.17404 17.8477L5.15316 18.1776L5.13768 18.5538L5.12703 18.9815L5.12066 19.466L5.11765 20.3018H18.8813L18.8762 19.3237L18.8646 18.6863L18.8453 18.1584L18.8275 17.8595L18.8051 17.5977L18.7778 17.3681L18.745 17.1661L18.7065 16.9872L18.6616 16.8265L18.6494 16.7887L18.6367 16.7516L18.5816 16.6096L18.5204 16.4768C18.2075 15.8447 17.7139 15.3365 17.1146 15.0222C17.0088 14.9667 16.8956 14.9195 16.7646 14.8795L16.6272 14.8418L16.4215 14.7986L16.3655 14.7889L16.3074 14.7798L16.0535 14.7476L15.9841 14.7406L15.9122 14.734L15.5976 14.7115L15.2356 14.6947L14.8209 14.6832L14.0877 14.6742ZM12 1C14.7614 1 17 3.23858 17 6C17 8.76142 14.7614 11 12 11C9.23858 11 7 8.76142 7 6C7 3.23858 9.23858 1 12 1ZM12 3C10.3431 3 9 4.34315 9 6C9 7.65685 10.3431 9 12 9C13.6569 9 15 7.65685 15 6C15 4.34315 13.6569 3 12 3Z"
          fill="#ffffff"
        />
      </svg>
    </span>
  </button>
  <button
    class="button-primary-0-2-5 button-button-0-2-1 button-round-0-2-15"
    style="margin: 0px;"
  >
    <span>
      Primary
    </span>
  </button>
  <button
    class="button-primary-0-2-5 button-button-0-2-1"
    style="margin: 0px;"
  >
    <span>
      Primary
    </span>
  </button>
</div>
`;

exports[`Button[Base] should render correctly about size 1`] = `
<div
  style="display: flex; align-items: center; gap: 24px; flex-wrap: wrap;"
>
  <button
    class="button-primary-0-2-5 button-button-0-2-1 button-small-0-2-2"
    style="margin: 0px;"
  >
    <span>
      Primary
    </span>
  </button>
  <button
    class="button-primary-0-2-5 button-button-0-2-1"
    style="margin: 0px;"
  >
    <span>
      Primary
    </span>
  </button>
  <button
    class="button-primary-0-2-5 button-button-0-2-1 button-large-0-2-3"
    style="margin: 0px;"
  >
    <span>
      Primary
    </span>
  </button>
</div>
`;

exports[`Button[Base] should render correctly about status 1`] = `
<div
  style="gap: 24px; display: flex; flex-wrap: wrap; flex-direction: column;"
>
  <div
    style="gap: 24px; display: flex; flex-wrap: wrap; align-items: center;"
  >
    <button
      class="button-danger-0-2-7 button-button-0-2-1"
      style="margin: 0px; width: 72px;"
    >
      <span>
        Danger
      </span>
    </button>
    <button
      class="button-danger-0-2-7 button-button-0-2-1 button-outline-0-2-11"
      style="margin: 0px; width: 72px;"
    >
      <span>
        Danger
      </span>
    </button>
    <button
      class="button-danger-0-2-7 button-button-0-2-1 button-dashed-0-2-12"
      style="margin: 0px; width: 72px;"
    >
      <span>
        Danger
      </span>
    </button>
    <button
      class="button-danger-0-2-7 button-button-0-2-1 button-text-0-2-13"
      style="margin: 0px; width: 72px;"
    >
      <span>
        Danger
      </span>
    </button>
  </div>
  <div
    style="gap: 24px; display: flex; flex-wrap: wrap; align-items: center;"
  >
    <button
      class="button-warning-0-2-8 button-button-0-2-1"
      style="margin: 0px; width: 72px;"
    >
      <span>
        Warning
      </span>
    </button>
    <button
      class="button-warning-0-2-8 button-button-0-2-1 button-outline-0-2-11"
      style="margin: 0px; width: 72px;"
    >
      <span>
        Warning
      </span>
    </button>
    <button
      class="button-warning-0-2-8 button-button-0-2-1 button-dashed-0-2-12"
      style="margin: 0px; width: 72px;"
    >
      <span>
        Warning
      </span>
    </button>
    <button
      class="button-warning-0-2-8 button-button-0-2-1 button-text-0-2-13"
      style="margin: 0px; width: 72px;"
    >
      <span>
        Warning
      </span>
    </button>
  </div>
  <div
    style="gap: 24px; display: flex; flex-wrap: wrap; align-items: center;"
  >
    <button
      class="button-success-0-2-9 button-button-0-2-1"
      style="margin: 0px; width: 72px;"
    >
      <span>
        Success
      </span>
    </button>
    <button
      class="button-success-0-2-9 button-button-0-2-1 button-outline-0-2-11"
      style="margin: 0px; width: 72px;"
    >
      <span>
        Success
      </span>
    </button>
    <button
      class="button-success-0-2-9 button-button-0-2-1 button-dashed-0-2-12"
      style="margin: 0px; width: 72px;"
    >
      <span>
        Success
      </span>
    </button>
    <button
      class="button-success-0-2-9 button-button-0-2-1 button-text-0-2-13"
      style="margin: 0px; width: 72px;"
    >
      <span>
        Success
      </span>
    </button>
  </div>
</div>
`;
