// Jest Snapshot v1, https://goo.gl/fbAQLP

exports[`Image[Base] should render correctly  1`] = `
<div>
  <a
    class="image-image-0-2-6 image-href-0-2-5 image-fill-0-2-10 image-rounded-0-2-17 image-preview-0-2-13"
    style="width: 128px; padding-bottom: 128px;"
    target="_modal"
  >
    <div
      class="image-inner-0-2-8"
      style="background-image: url(https://raw.githubusercontent.com/sheinsight/shineout-static/main/shineout-next/images/image/s-01.png);"
    />
    <span
      class="image-previewMask-0-2-11"
    >
      <svg
        aria-hidden="true"
        fill="currentColor"
        focusable="false"
        viewBox="0 0 24 24"
      >
        <path
          d="M17.177 11.248C15.258 9.776 13.429 9 12 9C10.57 9 8.74 9.775 6.822 11.246C6.466 11.519 6.118 11.809 5.792 12.101C6.118 12.394 6.467 12.684 6.823 12.957C8.743 14.428 10.573 15.204 12.003 15.204C13.433 15.204 15.262 14.429 17.18 12.959C17.535 12.686 17.883 12.397 18.208 12.105C17.8755 11.8062 17.5316 11.5203 17.177 11.248ZM20.581 11.628C20.743 11.802 20.885 11.964 21 12.105C20.885 12.245 20.743 12.407 20.582 12.58C19.9074 13.293 19.1763 13.9505 18.396 14.546C16.234 16.204 13.994 17.204 12.003 17.204C10.012 17.204 7.771 16.203 5.607 14.544C4.82603 13.9482 4.09433 13.2904 3.419 12.577C3.27436 12.4231 3.13463 12.2647 3 12.102C3.115 11.961 3.257 11.799 3.419 11.626C4.09367 10.913 4.8247 10.2555 5.605 9.66C7.77 8 10.01 7 12 7C13.99 7 16.23 8.001 18.394 9.661C19.1747 10.2572 19.906 10.9143 20.581 11.628ZM4 4V7C4.00002 7.13134 3.97417 7.26139 3.92392 7.38273C3.87368 7.50407 3.80002 7.61433 3.70716 7.70721C3.6143 7.80008 3.50405 7.87375 3.38272 7.92402C3.26138 7.97428 3.13133 8.00015 3 8.00015C2.86867 8.00015 2.73862 7.97428 2.61728 7.92402C2.49595 7.87375 2.3857 7.80008 2.29284 7.70721C2.19998 7.61433 2.12632 7.50407 2.07608 7.38273C2.02583 7.26139 1.99998 7.13134 2 7V3C2 2.73478 2.10536 2.48043 2.29289 2.29289C2.48043 2.10536 2.73478 2 3 2H7C7.13134 1.99998 7.26139 2.02583 7.38273 2.07608C7.50407 2.12632 7.61433 2.19998 7.70721 2.29284C7.80008 2.3857 7.87375 2.49595 7.92402 2.61728C7.97428 2.73862 8.00015 2.86867 8.00015 3C8.00015 3.13133 7.97428 3.26138 7.92402 3.38272C7.87375 3.50405 7.80008 3.6143 7.70721 3.70716C7.61433 3.80002 7.50407 3.87368 7.38273 3.92392C7.26139 3.97417 7.13134 4.00002 7 4H4ZM4 20H7C7.26519 20 7.51951 20.1054 7.70701 20.2929C7.89451 20.4805 7.99985 20.7348 7.99985 21C7.99985 21.2652 7.89451 21.5195 7.70701 21.7071C7.51951 21.8946 7.26519 22 7 22H3C2.73478 22 2.48043 21.8946 2.29289 21.7071C2.10536 21.5196 2 21.2652 2 21V17C2.00004 16.7348 2.10542 16.4805 2.29295 16.293C2.48048 16.1055 2.73481 16.0002 3 16.0002C3.26519 16.0002 3.51952 16.1055 3.70705 16.293C3.89458 16.4805 3.99996 16.7348 4 17V20ZM20 4H17C16.7348 3.99996 16.4805 3.89458 16.293 3.70705C16.1055 3.51952 16.0002 3.26519 16.0002 3C16.0002 2.73481 16.1055 2.48048 16.293 2.29295C16.4805 2.10542 16.7348 2.00004 17 2H21C21.2652 2 21.5196 2.10536 21.7071 2.29289C21.8946 2.48043 22 2.73478 22 3V7C22 7.26519 21.8946 7.51951 21.7071 7.70701C21.5195 7.89451 21.2652 7.99985 21 7.99985C20.7348 7.99985 20.4805 7.89451 20.2929 7.70701C20.1054 7.51951 20 7.26519 20 7V4ZM20 20V17C20 16.7348 20.1054 16.4805 20.2929 16.293C20.4805 16.1055 20.7348 16.0002 21 16.0002C21.2652 16.0002 21.5195 16.1055 21.7071 16.293C21.8946 16.4805 22 16.7348 22 17V21C22 21.2652 21.8946 21.5196 21.7071 21.7071C21.5196 21.8946 21.2652 22 21 22H17C16.7348 22 16.4805 21.8946 16.293 21.7071C16.1055 21.5195 16.0002 21.2652 16.0002 21C16.0002 20.7348 16.1055 20.4805 16.293 20.2929C16.4805 20.1054 16.7348 20 17 20H20ZM12 14.5C11.6717 14.5 11.3466 14.4353 11.0433 14.3097C10.74 14.1841 10.4644 13.9999 10.2322 13.7678C10.0001 13.5356 9.81594 13.26 9.6903 12.9567C9.56467 12.6534 9.5 12.3283 9.5 12C9.5 11.6717 9.56467 11.3466 9.6903 11.0433C9.81594 10.74 10.0001 10.4644 10.2322 10.2322C10.4644 10.0001 10.74 9.81594 11.0433 9.6903C11.3466 9.56467 11.6717 9.5 12 9.5C12.663 9.5 13.2989 9.76339 13.7678 10.2322C14.2366 10.7011 14.5 11.337 14.5 12C14.5 12.663 14.2366 13.2989 13.7678 13.7678C13.2989 14.2366 12.663 14.5 12 14.5ZM12 12.5C12.1326 12.5 12.2598 12.4473 12.3536 12.3536C12.4473 12.2598 12.5 12.1326 12.5 12C12.5 11.8674 12.4473 11.7402 12.3536 11.6464C12.2598 11.5527 12.1326 11.5 12 11.5C11.8674 11.5 11.7402 11.5527 11.6464 11.6464C11.5527 11.7402 11.5 11.8674 11.5 12C11.5 12.1326 11.5527 12.2598 11.6464 12.3536C11.7402 12.4473 11.8674 12.5 12 12.5Z"
        />
      </svg>
    </span>
  </a>
</div>
`;

exports[`Image[Group] should render correctly about group 1`] = `
<div
  style="gap: 8px; display: flex;"
>
  <div
    class="image-group-0-2-33"
  >
    <a
      class="image-image-0-2-6 image-href-0-2-5 image-fill-0-2-10 image-rounded-0-2-17"
      style="width: 128px; padding-bottom: 128px;"
      target="_modal"
    >
      <div
        class="image-defaultPlaceholder-0-2-20"
      >
        <svg
          fill="none"
          height="16"
          viewBox="0 0 16 16"
          width="16"
          xmlns="http://www.w3.org/2000/svg"
        >
          <g
            clip-path="url(#clip0_1483_450)"
          >
            <path
              d="M7.99984 0.666626C12.0499 0.666626 15.3332 3.94987 15.3332 7.99996C15.3332 12.05 12.0499 15.3333 7.99984 15.3333C3.94975 15.3333 0.666504 12.05 0.666504 7.99996C0.666504 7.63177 0.964981 7.33329 1.33317 7.33329C1.70136 7.33329 1.99984 7.63177 1.99984 7.99996C1.99984 11.3137 4.68613 14 7.99984 14C11.3135 14 13.9998 11.3137 13.9998 7.99996C13.9998 4.68625 11.3135 1.99996 7.99984 1.99996C7.63165 1.99996 7.33317 1.70148 7.33317 1.33329C7.33317 0.965103 7.63165 0.666626 7.99984 0.666626Z"
              fill="#B3B7C1"
            />
          </g>
          <defs>
            <clippath
              id="clip0_1483_450"
            >
              <rect
                fill="white"
                height="16"
                width="16"
              />
            </clippath>
          </defs>
        </svg>
      </div>
    </a>
    <a
      class="image-image-0-2-6 image-href-0-2-5 image-fill-0-2-10 image-rounded-0-2-17"
      style="width: 128px; padding-bottom: 128px;"
      target="_modal"
    >
      <div
        class="image-defaultPlaceholder-0-2-20"
      >
        <svg
          fill="none"
          height="16"
          viewBox="0 0 16 16"
          width="16"
          xmlns="http://www.w3.org/2000/svg"
        >
          <g
            clip-path="url(#clip0_1483_450)"
          >
            <path
              d="M7.99984 0.666626C12.0499 0.666626 15.3332 3.94987 15.3332 7.99996C15.3332 12.05 12.0499 15.3333 7.99984 15.3333C3.94975 15.3333 0.666504 12.05 0.666504 7.99996C0.666504 7.63177 0.964981 7.33329 1.33317 7.33329C1.70136 7.33329 1.99984 7.63177 1.99984 7.99996C1.99984 11.3137 4.68613 14 7.99984 14C11.3135 14 13.9998 11.3137 13.9998 7.99996C13.9998 4.68625 11.3135 1.99996 7.99984 1.99996C7.63165 1.99996 7.33317 1.70148 7.33317 1.33329C7.33317 0.965103 7.63165 0.666626 7.99984 0.666626Z"
              fill="#B3B7C1"
            />
          </g>
          <defs>
            <clippath
              id="clip0_1483_450"
            >
              <rect
                fill="white"
                height="16"
                width="16"
              />
            </clippath>
          </defs>
        </svg>
      </div>
    </a>
    <a
      class="image-image-0-2-6 image-href-0-2-5 image-fill-0-2-10 image-rounded-0-2-17"
      style="width: 128px; padding-bottom: 128px;"
      target="_modal"
    >
      <div
        class="image-defaultPlaceholder-0-2-20"
      >
        <svg
          fill="none"
          height="16"
          viewBox="0 0 16 16"
          width="16"
          xmlns="http://www.w3.org/2000/svg"
        >
          <g
            clip-path="url(#clip0_1483_450)"
          >
            <path
              d="M7.99984 0.666626C12.0499 0.666626 15.3332 3.94987 15.3332 7.99996C15.3332 12.05 12.0499 15.3333 7.99984 15.3333C3.94975 15.3333 0.666504 12.05 0.666504 7.99996C0.666504 7.63177 0.964981 7.33329 1.33317 7.33329C1.70136 7.33329 1.99984 7.63177 1.99984 7.99996C1.99984 11.3137 4.68613 14 7.99984 14C11.3135 14 13.9998 11.3137 13.9998 7.99996C13.9998 4.68625 11.3135 1.99996 7.99984 1.99996C7.63165 1.99996 7.33317 1.70148 7.33317 1.33329C7.33317 0.965103 7.63165 0.666626 7.99984 0.666626Z"
              fill="#B3B7C1"
            />
          </g>
          <defs>
            <clippath
              id="clip0_1483_450"
            >
              <rect
                fill="white"
                height="16"
                width="16"
              />
            </clippath>
          </defs>
        </svg>
      </div>
    </a>
    <a
      class="image-image-0-2-6 image-href-0-2-5 image-fill-0-2-10 image-rounded-0-2-17"
      style="width: 128px; padding-bottom: 128px;"
      target="_modal"
    >
      <div
        class="image-defaultPlaceholder-0-2-20"
      >
        <svg
          fill="none"
          height="16"
          viewBox="0 0 16 16"
          width="16"
          xmlns="http://www.w3.org/2000/svg"
        >
          <g
            clip-path="url(#clip0_1483_450)"
          >
            <path
              d="M7.99984 0.666626C12.0499 0.666626 15.3332 3.94987 15.3332 7.99996C15.3332 12.05 12.0499 15.3333 7.99984 15.3333C3.94975 15.3333 0.666504 12.05 0.666504 7.99996C0.666504 7.63177 0.964981 7.33329 1.33317 7.33329C1.70136 7.33329 1.99984 7.63177 1.99984 7.99996C1.99984 11.3137 4.68613 14 7.99984 14C11.3135 14 13.9998 11.3137 13.9998 7.99996C13.9998 4.68625 11.3135 1.99996 7.99984 1.99996C7.63165 1.99996 7.33317 1.70148 7.33317 1.33329C7.33317 0.965103 7.63165 0.666626 7.99984 0.666626Z"
              fill="#B3B7C1"
            />
          </g>
          <defs>
            <clippath
              id="clip0_1483_450"
            >
              <rect
                fill="white"
                height="16"
                width="16"
              />
            </clippath>
          </defs>
        </svg>
      </div>
    </a>
    <a
      class="image-image-0-2-6 image-href-0-2-5 image-fill-0-2-10 image-rounded-0-2-17 image-preview-0-2-13"
      style="width: 128px; padding-bottom: 128px;"
      target="_modal"
    >
      <div
        class="image-inner-0-2-8"
        style="background-image: url(https://raw.githubusercontent.com/sheinsight/shineout-static/main/shineout-next/images/image/s-05.png);"
      />
      <span
        class="image-previewMask-0-2-11"
      >
        <svg
          aria-hidden="true"
          fill="currentColor"
          focusable="false"
          viewBox="0 0 24 24"
        >
          <path
            d="M17.177 11.248C15.258 9.776 13.429 9 12 9C10.57 9 8.74 9.775 6.822 11.246C6.466 11.519 6.118 11.809 5.792 12.101C6.118 12.394 6.467 12.684 6.823 12.957C8.743 14.428 10.573 15.204 12.003 15.204C13.433 15.204 15.262 14.429 17.18 12.959C17.535 12.686 17.883 12.397 18.208 12.105C17.8755 11.8062 17.5316 11.5203 17.177 11.248ZM20.581 11.628C20.743 11.802 20.885 11.964 21 12.105C20.885 12.245 20.743 12.407 20.582 12.58C19.9074 13.293 19.1763 13.9505 18.396 14.546C16.234 16.204 13.994 17.204 12.003 17.204C10.012 17.204 7.771 16.203 5.607 14.544C4.82603 13.9482 4.09433 13.2904 3.419 12.577C3.27436 12.4231 3.13463 12.2647 3 12.102C3.115 11.961 3.257 11.799 3.419 11.626C4.09367 10.913 4.8247 10.2555 5.605 9.66C7.77 8 10.01 7 12 7C13.99 7 16.23 8.001 18.394 9.661C19.1747 10.2572 19.906 10.9143 20.581 11.628ZM4 4V7C4.00002 7.13134 3.97417 7.26139 3.92392 7.38273C3.87368 7.50407 3.80002 7.61433 3.70716 7.70721C3.6143 7.80008 3.50405 7.87375 3.38272 7.92402C3.26138 7.97428 3.13133 8.00015 3 8.00015C2.86867 8.00015 2.73862 7.97428 2.61728 7.92402C2.49595 7.87375 2.3857 7.80008 2.29284 7.70721C2.19998 7.61433 2.12632 7.50407 2.07608 7.38273C2.02583 7.26139 1.99998 7.13134 2 7V3C2 2.73478 2.10536 2.48043 2.29289 2.29289C2.48043 2.10536 2.73478 2 3 2H7C7.13134 1.99998 7.26139 2.02583 7.38273 2.07608C7.50407 2.12632 7.61433 2.19998 7.70721 2.29284C7.80008 2.3857 7.87375 2.49595 7.92402 2.61728C7.97428 2.73862 8.00015 2.86867 8.00015 3C8.00015 3.13133 7.97428 3.26138 7.92402 3.38272C7.87375 3.50405 7.80008 3.6143 7.70721 3.70716C7.61433 3.80002 7.50407 3.87368 7.38273 3.92392C7.26139 3.97417 7.13134 4.00002 7 4H4ZM4 20H7C7.26519 20 7.51951 20.1054 7.70701 20.2929C7.89451 20.4805 7.99985 20.7348 7.99985 21C7.99985 21.2652 7.89451 21.5195 7.70701 21.7071C7.51951 21.8946 7.26519 22 7 22H3C2.73478 22 2.48043 21.8946 2.29289 21.7071C2.10536 21.5196 2 21.2652 2 21V17C2.00004 16.7348 2.10542 16.4805 2.29295 16.293C2.48048 16.1055 2.73481 16.0002 3 16.0002C3.26519 16.0002 3.51952 16.1055 3.70705 16.293C3.89458 16.4805 3.99996 16.7348 4 17V20ZM20 4H17C16.7348 3.99996 16.4805 3.89458 16.293 3.70705C16.1055 3.51952 16.0002 3.26519 16.0002 3C16.0002 2.73481 16.1055 2.48048 16.293 2.29295C16.4805 2.10542 16.7348 2.00004 17 2H21C21.2652 2 21.5196 2.10536 21.7071 2.29289C21.8946 2.48043 22 2.73478 22 3V7C22 7.26519 21.8946 7.51951 21.7071 7.70701C21.5195 7.89451 21.2652 7.99985 21 7.99985C20.7348 7.99985 20.4805 7.89451 20.2929 7.70701C20.1054 7.51951 20 7.26519 20 7V4ZM20 20V17C20 16.7348 20.1054 16.4805 20.2929 16.293C20.4805 16.1055 20.7348 16.0002 21 16.0002C21.2652 16.0002 21.5195 16.1055 21.7071 16.293C21.8946 16.4805 22 16.7348 22 17V21C22 21.2652 21.8946 21.5196 21.7071 21.7071C21.5196 21.8946 21.2652 22 21 22H17C16.7348 22 16.4805 21.8946 16.293 21.7071C16.1055 21.5195 16.0002 21.2652 16.0002 21C16.0002 20.7348 16.1055 20.4805 16.293 20.2929C16.4805 20.1054 16.7348 20 17 20H20ZM12 14.5C11.6717 14.5 11.3466 14.4353 11.0433 14.3097C10.74 14.1841 10.4644 13.9999 10.2322 13.7678C10.0001 13.5356 9.81594 13.26 9.6903 12.9567C9.56467 12.6534 9.5 12.3283 9.5 12C9.5 11.6717 9.56467 11.3466 9.6903 11.0433C9.81594 10.74 10.0001 10.4644 10.2322 10.2322C10.4644 10.0001 10.74 9.81594 11.0433 9.6903C11.3466 9.56467 11.6717 9.5 12 9.5C12.663 9.5 13.2989 9.76339 13.7678 10.2322C14.2366 10.7011 14.5 11.337 14.5 12C14.5 12.663 14.2366 13.2989 13.7678 13.7678C13.2989 14.2366 12.663 14.5 12 14.5ZM12 12.5C12.1326 12.5 12.2598 12.4473 12.3536 12.3536C12.4473 12.2598 12.5 12.1326 12.5 12C12.5 11.8674 12.4473 11.7402 12.3536 11.6464C12.2598 11.5527 12.1326 11.5 12 11.5C11.8674 11.5 11.7402 11.5527 11.6464 11.6464C11.5527 11.7402 11.5 11.8674 11.5 12C11.5 12.1326 11.5527 12.2598 11.6464 12.3536C11.7402 12.4473 11.8674 12.5 12 12.5Z"
          />
        </svg>
      </span>
    </a>
  </div>
</div>
`;

exports[`Image[Pile] should render correctly about pile 1`] = `
<div
  class="image-group-0-2-33 image-groupPile-0-2-34"
>
  <a
    class="image-image-0-2-6 image-href-0-2-5 image-fill-0-2-10 image-rounded-0-2-17 image-preview-0-2-13"
    style="width: 128px; padding-bottom: 128px;"
    target="_modal"
  >
    <div
      class="image-inner-0-2-8"
      style="background-image: url(https://raw.githubusercontent.com/sheinsight/shineout-static/main/shineout-next/images/image/s-01.png);"
    />
    <span
      class="image-previewMask-0-2-11"
    >
      <svg
        aria-hidden="true"
        fill="currentColor"
        focusable="false"
        viewBox="0 0 24 24"
      >
        <path
          d="M17.177 11.248C15.258 9.776 13.429 9 12 9C10.57 9 8.74 9.775 6.822 11.246C6.466 11.519 6.118 11.809 5.792 12.101C6.118 12.394 6.467 12.684 6.823 12.957C8.743 14.428 10.573 15.204 12.003 15.204C13.433 15.204 15.262 14.429 17.18 12.959C17.535 12.686 17.883 12.397 18.208 12.105C17.8755 11.8062 17.5316 11.5203 17.177 11.248ZM20.581 11.628C20.743 11.802 20.885 11.964 21 12.105C20.885 12.245 20.743 12.407 20.582 12.58C19.9074 13.293 19.1763 13.9505 18.396 14.546C16.234 16.204 13.994 17.204 12.003 17.204C10.012 17.204 7.771 16.203 5.607 14.544C4.82603 13.9482 4.09433 13.2904 3.419 12.577C3.27436 12.4231 3.13463 12.2647 3 12.102C3.115 11.961 3.257 11.799 3.419 11.626C4.09367 10.913 4.8247 10.2555 5.605 9.66C7.77 8 10.01 7 12 7C13.99 7 16.23 8.001 18.394 9.661C19.1747 10.2572 19.906 10.9143 20.581 11.628ZM4 4V7C4.00002 7.13134 3.97417 7.26139 3.92392 7.38273C3.87368 7.50407 3.80002 7.61433 3.70716 7.70721C3.6143 7.80008 3.50405 7.87375 3.38272 7.92402C3.26138 7.97428 3.13133 8.00015 3 8.00015C2.86867 8.00015 2.73862 7.97428 2.61728 7.92402C2.49595 7.87375 2.3857 7.80008 2.29284 7.70721C2.19998 7.61433 2.12632 7.50407 2.07608 7.38273C2.02583 7.26139 1.99998 7.13134 2 7V3C2 2.73478 2.10536 2.48043 2.29289 2.29289C2.48043 2.10536 2.73478 2 3 2H7C7.13134 1.99998 7.26139 2.02583 7.38273 2.07608C7.50407 2.12632 7.61433 2.19998 7.70721 2.29284C7.80008 2.3857 7.87375 2.49595 7.92402 2.61728C7.97428 2.73862 8.00015 2.86867 8.00015 3C8.00015 3.13133 7.97428 3.26138 7.92402 3.38272C7.87375 3.50405 7.80008 3.6143 7.70721 3.70716C7.61433 3.80002 7.50407 3.87368 7.38273 3.92392C7.26139 3.97417 7.13134 4.00002 7 4H4ZM4 20H7C7.26519 20 7.51951 20.1054 7.70701 20.2929C7.89451 20.4805 7.99985 20.7348 7.99985 21C7.99985 21.2652 7.89451 21.5195 7.70701 21.7071C7.51951 21.8946 7.26519 22 7 22H3C2.73478 22 2.48043 21.8946 2.29289 21.7071C2.10536 21.5196 2 21.2652 2 21V17C2.00004 16.7348 2.10542 16.4805 2.29295 16.293C2.48048 16.1055 2.73481 16.0002 3 16.0002C3.26519 16.0002 3.51952 16.1055 3.70705 16.293C3.89458 16.4805 3.99996 16.7348 4 17V20ZM20 4H17C16.7348 3.99996 16.4805 3.89458 16.293 3.70705C16.1055 3.51952 16.0002 3.26519 16.0002 3C16.0002 2.73481 16.1055 2.48048 16.293 2.29295C16.4805 2.10542 16.7348 2.00004 17 2H21C21.2652 2 21.5196 2.10536 21.7071 2.29289C21.8946 2.48043 22 2.73478 22 3V7C22 7.26519 21.8946 7.51951 21.7071 7.70701C21.5195 7.89451 21.2652 7.99985 21 7.99985C20.7348 7.99985 20.4805 7.89451 20.2929 7.70701C20.1054 7.51951 20 7.26519 20 7V4ZM20 20V17C20 16.7348 20.1054 16.4805 20.2929 16.293C20.4805 16.1055 20.7348 16.0002 21 16.0002C21.2652 16.0002 21.5195 16.1055 21.7071 16.293C21.8946 16.4805 22 16.7348 22 17V21C22 21.2652 21.8946 21.5196 21.7071 21.7071C21.5196 21.8946 21.2652 22 21 22H17C16.7348 22 16.4805 21.8946 16.293 21.7071C16.1055 21.5195 16.0002 21.2652 16.0002 21C16.0002 20.7348 16.1055 20.4805 16.293 20.2929C16.4805 20.1054 16.7348 20 17 20H20ZM12 14.5C11.6717 14.5 11.3466 14.4353 11.0433 14.3097C10.74 14.1841 10.4644 13.9999 10.2322 13.7678C10.0001 13.5356 9.81594 13.26 9.6903 12.9567C9.56467 12.6534 9.5 12.3283 9.5 12C9.5 11.6717 9.56467 11.3466 9.6903 11.0433C9.81594 10.74 10.0001 10.4644 10.2322 10.2322C10.4644 10.0001 10.74 9.81594 11.0433 9.6903C11.3466 9.56467 11.6717 9.5 12 9.5C12.663 9.5 13.2989 9.76339 13.7678 10.2322C14.2366 10.7011 14.5 11.337 14.5 12C14.5 12.663 14.2366 13.2989 13.7678 13.7678C13.2989 14.2366 12.663 14.5 12 14.5ZM12 12.5C12.1326 12.5 12.2598 12.4473 12.3536 12.3536C12.4473 12.2598 12.5 12.1326 12.5 12C12.5 11.8674 12.4473 11.7402 12.3536 11.6464C12.2598 11.5527 12.1326 11.5 12 11.5C11.8674 11.5 11.7402 11.5527 11.6464 11.6464C11.5527 11.7402 11.5 11.8674 11.5 12C11.5 12.1326 11.5527 12.2598 11.6464 12.3536C11.7402 12.4473 11.8674 12.5 12 12.5Z"
        />
      </svg>
    </span>
  </a>
  <div
    class="image-groupPileItem-0-2-35"
    style="width: 128px; height: 128px;"
  />
  <div
    class="image-groupPileItem-0-2-35"
    style="width: 128px; height: 128px;"
  />
  <div
    class="image-groupCount-0-2-36"
  >
    <svg
      aria-hidden="true"
      fill="currentColor"
      focusable="false"
      viewBox="0 0 24 24"
    >
      <path
        d="M17 5C18.1046 5 19 5.89543 19 7V20C19 21.1046 18.1046 22 17 22H3C1.89543 22 1 21.1046 1 20V7C1 5.89543 1.89543 5 3 5H17ZM12.583 14.1855L10.7002 16.3748C10.3326 16.8019 9.69133 16.8619 9.25032 16.5105L8.06047 15.5625C7.66313 15.2459 7.09157 15.2776 6.73163 15.6361L3.123 19.23L3.12999 19.2623C3.20929 19.5548 3.41805 19.7941 3.69098 19.9149H16.309C16.626 19.7746 16.8565 19.4744 16.898 19.1166L16.9048 19V16.0936L13.9471 14.042C13.5261 13.7213 12.9281 13.7842 12.583 14.1855ZM15.9048 7H4.09524C3.5824 7 3.15973 7.38604 3.10197 7.88338L3.09524 8L3.095 16.306L6.54494 12.8709C6.89094 12.5262 7.42472 12.4697 7.83235 12.7185L7.94016 12.7939L9.01459 13.6503C9.43496 13.9854 10.045 13.9282 10.3957 13.5208L12.2522 11.3644C12.614 10.944 13.2424 10.8783 13.684 11.2146L16.904 13.3738L16.9048 8C16.9048 7.44772 16.457 7 15.9048 7ZM22 1C22.5523 1 23 1.44772 23 2V14C23 14.5523 22.5523 15 22 15C21.4477 15 21 14.5523 21 14V3H5C4.44772 3 4 2.55228 4 2C4 1.44772 4.44772 1 5 1H22ZM6 8C7.10455 8 8 8.89545 8 10C8 11.1046 7.10455 12 6 12C4.89545 12 4 11.1046 4 10C4 8.89545 4.89545 8 6 8ZM6 9.71429C5.84219 9.71429 5.71429 9.84219 5.71429 10C5.71429 10.1578 5.84219 10.2857 6 10.2857C6.15781 10.2857 6.28571 10.1578 6.28571 10C6.28571 9.84219 6.15781 9.71429 6 9.71429Z"
      />
    </svg>
    <span>
      5
    </span>
  </div>
</div>
`;

exports[`Image[Pile] should render correctly about pile without showCount 1`] = `
<div
  class="image-group-0-2-33 image-groupPile-0-2-34"
>
  <a
    class="image-image-0-2-6 image-href-0-2-5 image-fill-0-2-10 image-rounded-0-2-17 image-preview-0-2-13"
    style="width: 128px; padding-bottom: 128px;"
    target="_modal"
  >
    <div
      class="image-inner-0-2-8"
      style="background-image: url(https://raw.githubusercontent.com/sheinsight/shineout-static/main/shineout-next/images/image/s-01.png);"
    />
    <span
      class="image-previewMask-0-2-11"
    >
      <svg
        aria-hidden="true"
        fill="currentColor"
        focusable="false"
        viewBox="0 0 24 24"
      >
        <path
          d="M17.177 11.248C15.258 9.776 13.429 9 12 9C10.57 9 8.74 9.775 6.822 11.246C6.466 11.519 6.118 11.809 5.792 12.101C6.118 12.394 6.467 12.684 6.823 12.957C8.743 14.428 10.573 15.204 12.003 15.204C13.433 15.204 15.262 14.429 17.18 12.959C17.535 12.686 17.883 12.397 18.208 12.105C17.8755 11.8062 17.5316 11.5203 17.177 11.248ZM20.581 11.628C20.743 11.802 20.885 11.964 21 12.105C20.885 12.245 20.743 12.407 20.582 12.58C19.9074 13.293 19.1763 13.9505 18.396 14.546C16.234 16.204 13.994 17.204 12.003 17.204C10.012 17.204 7.771 16.203 5.607 14.544C4.82603 13.9482 4.09433 13.2904 3.419 12.577C3.27436 12.4231 3.13463 12.2647 3 12.102C3.115 11.961 3.257 11.799 3.419 11.626C4.09367 10.913 4.8247 10.2555 5.605 9.66C7.77 8 10.01 7 12 7C13.99 7 16.23 8.001 18.394 9.661C19.1747 10.2572 19.906 10.9143 20.581 11.628ZM4 4V7C4.00002 7.13134 3.97417 7.26139 3.92392 7.38273C3.87368 7.50407 3.80002 7.61433 3.70716 7.70721C3.6143 7.80008 3.50405 7.87375 3.38272 7.92402C3.26138 7.97428 3.13133 8.00015 3 8.00015C2.86867 8.00015 2.73862 7.97428 2.61728 7.92402C2.49595 7.87375 2.3857 7.80008 2.29284 7.70721C2.19998 7.61433 2.12632 7.50407 2.07608 7.38273C2.02583 7.26139 1.99998 7.13134 2 7V3C2 2.73478 2.10536 2.48043 2.29289 2.29289C2.48043 2.10536 2.73478 2 3 2H7C7.13134 1.99998 7.26139 2.02583 7.38273 2.07608C7.50407 2.12632 7.61433 2.19998 7.70721 2.29284C7.80008 2.3857 7.87375 2.49595 7.92402 2.61728C7.97428 2.73862 8.00015 2.86867 8.00015 3C8.00015 3.13133 7.97428 3.26138 7.92402 3.38272C7.87375 3.50405 7.80008 3.6143 7.70721 3.70716C7.61433 3.80002 7.50407 3.87368 7.38273 3.92392C7.26139 3.97417 7.13134 4.00002 7 4H4ZM4 20H7C7.26519 20 7.51951 20.1054 7.70701 20.2929C7.89451 20.4805 7.99985 20.7348 7.99985 21C7.99985 21.2652 7.89451 21.5195 7.70701 21.7071C7.51951 21.8946 7.26519 22 7 22H3C2.73478 22 2.48043 21.8946 2.29289 21.7071C2.10536 21.5196 2 21.2652 2 21V17C2.00004 16.7348 2.10542 16.4805 2.29295 16.293C2.48048 16.1055 2.73481 16.0002 3 16.0002C3.26519 16.0002 3.51952 16.1055 3.70705 16.293C3.89458 16.4805 3.99996 16.7348 4 17V20ZM20 4H17C16.7348 3.99996 16.4805 3.89458 16.293 3.70705C16.1055 3.51952 16.0002 3.26519 16.0002 3C16.0002 2.73481 16.1055 2.48048 16.293 2.29295C16.4805 2.10542 16.7348 2.00004 17 2H21C21.2652 2 21.5196 2.10536 21.7071 2.29289C21.8946 2.48043 22 2.73478 22 3V7C22 7.26519 21.8946 7.51951 21.7071 7.70701C21.5195 7.89451 21.2652 7.99985 21 7.99985C20.7348 7.99985 20.4805 7.89451 20.2929 7.70701C20.1054 7.51951 20 7.26519 20 7V4ZM20 20V17C20 16.7348 20.1054 16.4805 20.2929 16.293C20.4805 16.1055 20.7348 16.0002 21 16.0002C21.2652 16.0002 21.5195 16.1055 21.7071 16.293C21.8946 16.4805 22 16.7348 22 17V21C22 21.2652 21.8946 21.5196 21.7071 21.7071C21.5196 21.8946 21.2652 22 21 22H17C16.7348 22 16.4805 21.8946 16.293 21.7071C16.1055 21.5195 16.0002 21.2652 16.0002 21C16.0002 20.7348 16.1055 20.4805 16.293 20.2929C16.4805 20.1054 16.7348 20 17 20H20ZM12 14.5C11.6717 14.5 11.3466 14.4353 11.0433 14.3097C10.74 14.1841 10.4644 13.9999 10.2322 13.7678C10.0001 13.5356 9.81594 13.26 9.6903 12.9567C9.56467 12.6534 9.5 12.3283 9.5 12C9.5 11.6717 9.56467 11.3466 9.6903 11.0433C9.81594 10.74 10.0001 10.4644 10.2322 10.2322C10.4644 10.0001 10.74 9.81594 11.0433 9.6903C11.3466 9.56467 11.6717 9.5 12 9.5C12.663 9.5 13.2989 9.76339 13.7678 10.2322C14.2366 10.7011 14.5 11.337 14.5 12C14.5 12.663 14.2366 13.2989 13.7678 13.7678C13.2989 14.2366 12.663 14.5 12 14.5ZM12 12.5C12.1326 12.5 12.2598 12.4473 12.3536 12.3536C12.4473 12.2598 12.5 12.1326 12.5 12C12.5 11.8674 12.4473 11.7402 12.3536 11.6464C12.2598 11.5527 12.1326 11.5 12 11.5C11.8674 11.5 11.7402 11.5527 11.6464 11.6464C11.5527 11.7402 11.5 11.8674 11.5 12C11.5 12.1326 11.5527 12.2598 11.6464 12.3536C11.7402 12.4473 11.8674 12.5 12 12.5Z"
        />
      </svg>
    </span>
  </a>
  <div
    class="image-groupPileItem-0-2-35"
    style="width: 128px; height: 128px;"
  />
  <div
    class="image-groupPileItem-0-2-35"
    style="width: 128px; height: 128px;"
  />
</div>
`;

exports[`Image[Shape] should render correctly about shape is circle 1`] = `
<div
  class="image-image-0-2-6 image-fill-0-2-10 image-circle-0-2-16"
  style="width: 128px; padding-bottom: 128px;"
>
  <div
    class="image-inner-0-2-8"
    style="background-image: url(https://raw.githubusercontent.com/sheinsight/shineout-static/main/shineout-next/images/image/s-01.png);"
  />
</div>
`;

exports[`Image[Shape] should render correctly about shape is rounded 1`] = `
<div
  class="image-image-0-2-6 image-fill-0-2-10 image-rounded-0-2-17"
  style="width: 128px; padding-bottom: 128px;"
>
  <div
    class="image-inner-0-2-8"
    style="background-image: url(https://raw.githubusercontent.com/sheinsight/shineout-static/main/shineout-next/images/image/s-01.png);"
  />
</div>
`;

exports[`Image[Shape] should render correctly about shape is thumbnail 1`] = `
<div
  class="image-image-0-2-6 image-fill-0-2-10 image-thumbnail-0-2-18"
  style="width: 128px; padding-bottom: 128px;"
>
  <div
    class="image-inner-0-2-8"
    style="background-image: url(https://raw.githubusercontent.com/sheinsight/shineout-static/main/shineout-next/images/image/s-01.png);"
  />
</div>
`;
